{"type": "Feature","crs": {"type": "name","properties": {"name": "urn:ogc:def:crs:EPSG::4326"}},"geometry": {"type": "MultiPolygon","coordinates": [[[[-123.3787058409558,49.962956312588844],[-123.3787058584912,49.96295649294932],[-123.37870593276628,49.96295665667174],[-123.37870604882227,49.9629568213927],[-123.37870620820692,49.96295696015793],[-123.37870641092022,49.96295707296742],[-123.37870665696218,49.962957159821315],[-123.37870690455192,49.96295721972084],[-123.37870718205929,49.96295724434715],[-123.37870746163038,49.962957233034544],[-123.37870771541124,49.96295718511716],[-123.37870797073985,49.96295711024562],[-123.3787081858354,49.962957007421345],[-123.37870836069781,49.96295687664427],[-123.3787084953271,49.962956717914494],[-123.37870858817554,49.96295655818615],[-123.37870862634799,49.96295637915701],[-123.37870860881259,49.96295619879645],[-123.37870853453748,49.96295603507402],[-123.37870841848148,49.96295587035306],[-123.37870825909685,49.9629557315879],[-123.37870805638354,49.962955618778345],[-123.37870781034158,49.96295553192456],[-123.37870756275183,49.96295547202493],[-123.37870728524447,49.9629554473986],[-123.3787070056734,49.9629554587113],[-123.37870675189257,49.96295550662863],[-123.37870649656395,49.96295558150018],[-123.37870628146841,49.96295568432445],[-123.37870610660599,49.9629558151015],[-123.37870597197667,49.9629559738313],[-123.37870587912825,49.96295613355963],[-123.3787058409558,49.962956312588844]]],[[[-123.53225889872638,49.797118790287804],[-123.27582567690466,50.03973225238983],[-123.27582555617731,50.03973240233943],[-123.27582546227512,50.03973257094734],[-123.27582543758413,50.03973275026788],[-123.27582545527909,50.03973292164274],[-123.27582554272234,50.03973309474688],[-123.27582565913904,50.03973325057608],[-123.27582583242842,50.03973338982212],[-123.27582604917798,50.03973350315575],[-123.27582628202549,50.03973358090201],[-123.2758265438464,50.03973364137328],[-123.2758268223023,50.03973365727384],[-123.27582708841976,50.039733645878584],[-123.27582735722255,50.039733589566744],[-123.2758275992002,50.03973351459653],[-123.27582781542684,50.039733403001264],[-123.2758279914157,50.03973326341848],[-123.53226120662902,49.79711979624368],[-123.53226132587761,49.797119645963704],[-123.53226141833879,49.79711947708191],[-123.53226144189563,49.79711929764557],[-123.53226142333551,49.79711912625639],[-123.53226133538708,49.79711895330014],[-123.53226121871546,49.797118797691965],[-123.53226104556525,49.797118658805076],[-123.5322608293302,49.79711854594048],[-123.53226059728165,49.797118468712384],[-123.53226033650984,49.797118408832404],[-123.53226005944062,49.797118393576426],[-123.53225979479713,49.79711840559642],[-123.53225952773387,49.797118462553826],[-123.53225928745803,49.797118538113025],[-123.53225907300164,49.797118650249],[-123.53225889872638,49.797118790287804]]],[[[-123.47698035035118,50.04894671167899],[-123.47698058408544,50.04894678001372],[-123.47698083376373,50.04894681273214],[-123.47698109839105,50.04894682780262],[-123.47698135155207,50.04894679763187],[-123.59828808468657,50.03052046138147],[-123.59828808421315,50.03052047036638],[-123.59828833861147,50.03052041296095],[-123.59828856653185,50.0305203279909],[-123.59828876797421,50.0305202154562],[-123.59828894246516,50.0305200843418],[-123.59828906257985,50.03051992505292],[-123.59828914084717,50.03051976484914],[-123.59828916379139,50.030519594440705],[-123.59828916402543,49.91074838529649],[-123.59828913173138,49.910748204654155],[-123.59828905722733,49.91074803208318],[-123.59828892612859,49.91074787626493],[-123.4293808151471,49.74951741396721],[-123.42938064198438,49.74951728389593],[-123.42938044008939,49.74951717114684],[-123.42938020845487,49.74951709369526],[-123.429379961447,49.7495170428801],[-123.42937969906576,49.74951701870118],[-123.42937944853264,49.74951703079938],[-123.42937918262619,49.74951706953389],[-123.42937895629296,49.74951714519837],[-123.42937874231148,49.749517248152266],[-123.1284152032286,49.92149641031181],[-123.12841501446206,49.921496531347834],[-123.12841487965122,49.92149668079454],[-123.128414786013,49.92149684031903],[-123.12841473411201,49.92149700093746],[-123.12841473729607,49.921497171998375],[-123.12841479612983,49.92149734451778],[-123.12841488391773,49.92149749979845],[-123.12841502848458,49.92149763856957],[-123.12841521535336,49.92149776945059],[-123.1284154323056,49.92149786512474],[-123.47698035035118,50.04894671167899]]]]},"properties": {"id": "gm-C2DE74275D864A60848C5455CF52301F","url": "http://apps.gov.bc.ca/pub/geomark/geomarks/gm-C2DE74275D864A60848C5455CF52301F","geometryType": "MultiPolygon","numPolygons": 3,"numParts": 3,"createDate": "2017-12-23","expiryDate": "2018-03-23","minX": -123.59828916402543,"minY": 49.74951701870118,"maxX": -123.12841473411201,"maxY": 50.04894682780262,"centroidX": -123.40793662047378,"centroidY": 49.914071017459484,"numVertices": 108,"length": 166881.0315282333,"area": 621916688,"isValid": false,"validationError": "Self-intersection","isSimple": false,"isRobust": false,"minimumClearance": 0.0009320047155828996}}