{"type": "Feature","crs": {"type": "name","properties": {"name": "urn:ogc:def:crs:EPSG::4326"}},"geometry": {"type": "Polygon","coordinates": [[[-123.27582683416017,49.79711929326573],[-123.27582683416017,50.03973275790413],[-123.53226005267769,50.03973275790413],[-123.53226005267769,49.79711929326573],[-123.27582683416017,49.79711929326573]]]},"properties": {"id": "gm-8E9BB20FE4E142448A3D53930D5EAF8F","url": "http://apps.gov.bc.ca/pub/geomark/geomarks/gm-8E9BB20FE4E142448A3D53930D5EAF8F"}}