{
  "type": "Feature",
  "crs": {
    "type": "name",
    "properties": {
      "name": "urn:ogc:def:crs:EPSG::4326"
    }
  },
  "geometry": {
    "type": "Polygon",
    "coordinates": [
      [
        [
          -123.52996347895422,
          49.79610797027123
        ],
        [
          -123.27352374270666,
          50.038716390419985
        ],
        [
          -123.27326008579429,
          50.03902526131736
        ],
        [
          -123.27309507591963,
          50.03936132967988
        ],
        [
          -123.27303503466666,
          50.03971167163351
        ],
        [
          -123.27308227900237,
          50.040062822815216
        ],
        [
          -123.27323499199377,
          50.0404012969509
        ],
        [
          -123.27348731886435,
          50.0407140740935
        ],
        [
          -123.27382955754125,
          50.040989145236296
        ],
        [
          -123.27424856664268,
          50.04121592740808
        ],
        [
          -123.27472821333743,
          50.04138571576086
        ],
        [
          -123.27525009665491,
          50.041491971550506
        ],
        [
          -123.27579414434521,
          50.04153062494616
        ],
        [
          -123.27633944489796,
          50.041500185702866
        ],
        [
          -123.2768650533482,
          50.041401826136926
        ],
        [
          -123.27735074987942,
          50.041239318927644
        ],
        [
          -123.27777788581909,
          50.04101891405399
        ],
        [
          -123.27813002830513,
          50.04074907575349
        ],
        [
          -123.53455672772087,
          49.79813056658404
        ],
        [
          -123.53481723625693,
          49.797820969320114
        ],
        [
          -123.53497945635823,
          49.797484399470385
        ],
        [
          -123.53503717757937,
          49.79713380097417
        ],
        [
          -123.53498817690594,
          49.796782648386824
        ],
        [
          -123.53483434348641,
          49.79644442776618
        ],
        [
          -123.53458157938418,
          49.79613214855528
        ],
        [
          -123.53423960615584,
          49.79585779939783
        ],
        [
          -123.53382155614459,
          49.79563193410898
        ],
        [
          -123.5333435242462,
          49.795463220776895
        ],
        [
          -123.5328238470051,
          49.7953581556749
        ],
        [
          -123.53228250774617,
          49.79532076199522
        ],
        [
          -123.5317403091627,
          49.795352481254625
        ],
        [
          -123.53121807228102,
          49.79545209223423
        ],
        [
          -123.53073588319376,
          49.79561577491638
        ],
        [
          -123.53031225307386,
          49.79583723539671
        ],
        [
          -123.52996347895422,
          49.79610797027123
        ]
      ]
    ]
  },
  "properties": {
    "geometryType": "Polygon",
    "numPolygons": 1,
    "numParts": 1,
    "minX": -123.53503717757937,
    "minY": 49.79532076199522,
    "maxX": -123.27303503466666,
    "maxY": 50.04153062494616,
    "centroidX": -123.40396599240437,
    "centroidY": 49.91849929239679,
    "numVertices": 35,
    "length": 66593.29778760069,
    "area": 13192583,
    "isValid": true,
    "isSimple": true,
    "isRobust": true,
    "minimumClearance": 39.207
  }
}
