{"type": "Feature","crs": {"type": "name","properties": {"name": "urn:ogc:def:crs:EPSG::4326"}},"geometry": {"type": "LineString","coordinates": [[-123.27582683416017,50.03973275790413],[-123.53226005267769,49.79711929326573]]},"properties": {"id": "#0 of gm-8E9BB20FE4E142448A3D53930D5EAF8F","url": "http://apps.gov.bc.ca/pub/geomark/geomarks/gm-8E9BB20FE4E142448A3D53930D5EAF8F","geometryType": "LineString","partIndex": 0,"numPolygons": 1,"numParts": 1,"createDate": "2017-12-23","expiryDate": "2018-03-23","minX": -123.53226005267769,"minY": 49.79711929326573,"maxX": -123.27582683416017,"maxY": 50.03973275790413,"centroidX": -123.40404344341893,"centroidY": 49.918426025584935,"numVertices": 2,"length": 32669.339029919942,"area": 0,"isValid": true,"isSimple": true,"isRobust": true,"minimumClearance": 32669.34}}