{
  "type": "Feature",
  "crs": {
    "type": "name",
    "properties": {
      "name": "urn:ogc:def:crs:OGC::CRS84"
    }
  },
  "geometry": {
    "type": "Polygon",
    "coordinates": [
      [
        [
          -123.27582683416016,
          49.79711929326574
        ],
        [
          -123.27582683416016,
          50.03973275790413
        ],
        [
          -123.53226005267769,
          50.03973275790413
        ],
        [
          -123.53226005267769,
          49.79711929326574
        ],
        [
          -123.27582683416016,
          49.79711929326574
        ]
      ]
    ]
  },
  "properties": {}
}
