{
  "type": "Feature",
  "crs": {
    "type": "name",
    "properties": {
      "name": "urn:ogc:def:crs:EPSG::4326"
    }
  },
  "geometry": {
    "type": "Polygon",
    "coordinates": [
      [
        [
          -123.37592184553249,
          49.96288974234718
        ],
        [
          -123.37595521519552,
          49.963241588935404
        ],
        [
          -123.37609434227917,
          49.96358247874937
        ],
        [
          -123.37633388802021,
          49.96389930086829
        ],
        [
          -123.37666465143246,
          49.96417988645965
        ],
        [
          -123.37707390582236,
          49.96441345780331
        ],
        [
          -123.37754593355172,
          49.964591028095
        ],
        [
          -123.37806260431879,
          49.96470577529618
        ],
        [
          -123.37860404440902,
          49.96475329217767
        ],
        [
          -123.37914945052393,
          49.96473174980559
        ],
        [
          -123.37967786655693,
          49.964641979113736
        ],
        [
          -123.38016896760628,
          49.96448742663127
        ],
        [
          -123.3806038903542,
          49.96427403029026
        ],
        [
          -123.38096592920724,
          49.96401000201306
        ],
        [
          -123.38124115592319,
          49.96370548249081
        ],
        [
          -123.38141899881565,
          49.96337216800322
        ],
        [
          -123.38149262989118,
          49.963022878689465
        ],
        [
          -123.38145921772762,
          49.962671033682035
        ],
        [
          -123.38132005337708,
          49.96233015025014
        ],
        [
          -123.38108048127758,
          49.962013338343226
        ],
        [
          -123.38074970642758,
          49.961732765239226
        ],
        [
          -123.38034045726071,
          49.9614992067566
        ],
        [
          -123.37986845062125,
          49.96132164774216
        ],
        [
          -123.37935181360073,
          49.961206908517504
        ],
        [
          -123.37881041477489,
          49.96115939509741
        ],
        [
          -123.3782650511605,
          49.96118093588875
        ],
        [
          -123.37773667239436,
          49.96127070019836
        ],
        [
          -123.37724559770353,
          49.961425242468906
        ],
        [
          -123.37681068639334,
          49.96163862632295
        ],
        [
          -123.37644864231729,
          49.96190264173876
        ],
        [
          -123.3761733945114,
          49.96220714998365
        ],
        [
          -123.3759955178724,
          49.96254045649485
        ],
        [
          -123.37592184553249,
          49.96288974234718
        ]
      ]
    ]
  },
  "properties": {
    "geometryType": "Polygon",
    "numPolygons": 1,
    "numParts": 1,
    "minX": -123.38149262989118,
    "minY": 49.96115939509741,
    "maxX": -123.37592184553249,
    "maxY": 49.96475329217767,
    "centroidX": -123.3787072336519,
    "centroidY": 49.96295635274746,
    "numVertices": 33,
    "length": 1254.6192793848672,
    "area": 124857,
    "isValid": true,
    "isSimple": true,
    "isRobust": true,
    "minimumClearance": 39.207
  }
}
