{
  "geometryType": "Point",
  "numPolygons": 1,
  "numParts": 1,
  "minX": -123.37870723365188,
  "minY": 49.96295634587292,
  "maxX": -123.37870723365188,
  "maxY": 49.96295634587292,
  "centroidX": -123.37870723365188,
  "centroidY": 49.96295634587292,
  "numVertices": 1,
  "length": 0,
  "area": 0,
  "isValid": true,
  "validationError": null,
  "isSimple": true,
  "isRobust": true,
  "minimumClearance": 179769313486231570000000000000000000000000000000000000000000000000000000000000000000000000000000000000000000000000000000000000000000000000000000000000000000000000000000000000000000000000000000000000000000000000000000000000000000000000000000000000000000000000000000000000000000000000000000000000000000000000000
}
