{
  "type": "Feature",
  "crs": {
    "type": "name",
    "properties": {
      "name": "urn:ogc:def:crs:OGC::CRS84"
    }
  },
  "geometry": {
    "type": "Point",
    "coordinates": [
      -123.37870723365188,
      49.96295634587292
    ]
  },
  "properties": {}
}
