{"type": "Feature","crs": {"type": "name","properties": {"name": "urn:ogc:def:crs:EPSG::4326"}},"geometry": {"type": "Polygon","coordinates": [[[-123.47698103651241,50.048945926824196],[-123.59828776745799,50.030519590901186],[-123.59828777134982,49.910748381756406],[-123.42937966256794,49.74951791779005],[-123.1284161225308,49.92149708232013],[-123.47698103651241,50.048945926824196]]]},"properties": {"id": "gm-B229CCB4CE744DAFAAF76D5959BC819D","url": "http://apps.gov.bc.ca/pub/geomark/geomarks/gm-B229CCB4CE744DAFAAF76D5959BC819D","geometryType": "Polygon","numPolygons": 1,"numParts": 1,"createDate": "2017-12-23","expiryDate": "2018-03-23","minX": -123.59828777134982,"minY": 49.74951791779005,"maxX": -123.1284161225308,"maxY": 50.048945926824196,"centroidX": -123.40793678392268,"centroidY": 49.914070995317516,"numVertices": 6,"length": 101540.46853039399,"area": 621899992,"isValid": true,"isSimple": true,"isRobust": true,"minimumClearance": 8928.062}}