{
  "type": "Feature",
  "crs": {
    "type": "name",
    "properties": {
      "name": "urn:ogc:def:crs:OGC::CRS84"
    }
  },
  "geometry": {
    "type": "Polygon",
    "coordinates": [
      [
        [
          -123.1284161225308,
          49.74951791779005
        ],
        [
          -123.1284161225308,
          50.04894592682424
        ],
        [
          -123.59828777134982,
          50.04894592682424
        ],
        [
          -123.59828777134982,
          49.74951791779005
        ],
        [
          -123.1284161225308,
          49.74951791779005
        ]
      ]
    ]
  },
  "properties": {}
}
