{
  "type": "Feature",
  "crs": {
    "type": "name",
    "properties": {
      "name": "urn:ogc:def:crs:EPSG::4326"
    }
  },
  "geometry": {
    "type": "Polygon",
    "coordinates": [
      [
        [
          -123.47560949040754,
          50.050512109826656
        ],
        [
          -123.47608312613644,
          50.05064842137808
        ],
        [
          -123.47658775368781,
          50.05072598169896
        ],
        [
          -123.4771059433887,
          50.050742096472334
        ],
        [
          -123.47761983838879,
          50.05069622981513
        ],
        [
          -123.59893096691373,
          50.03226922964772
        ],
        [
          -123.59943542492427,
          50.03215861945817
        ],
        [
          -123.59989805603036,
          50.03198828239181
        ],
        [
          -123.60030201080315,
          50.03176442646064
        ],
        [
          -123.60063255844098,
          50.03149521308081
        ],
        [
          -123.60087764836713,
          50.03119043639281
        ],
        [
          -123.60102835912485,
          50.03086121811391
        ],
        [
          -123.60107920124996,
          50.03051955529918
        ],
        [
          -123.60107189281362,
          49.910748346241455
        ],
        [
          -123.60101693774394,
          49.910392861383805
        ],
        [
          -123.6008542625899,
          49.91005141842195
        ],
        [
          -123.60059032238492,
          49.909737473373035
        ],
        [
          -123.43167783890428,
          49.748510335994446
        ],
        [
          -123.4313447648497,
          49.74824823481588
        ],
        [
          -123.43094166011463,
          49.748031389340234
        ],
        [
          -123.43048287382003,
          49.74786753426185
        ],
        [
          -123.42998476202352,
          49.74776250779959
        ],
        [
          -123.42946508805798,
          49.74772005768369
        ],
        [
          -123.42894236501415,
          49.7477416907415
        ],
        [
          -123.42843523332687,
          49.74782664026038
        ],
        [
          -123.42796175268091,
          49.74797187628298
        ],
        [
          -123.4275388269504,
          49.74817221798749
        ],
        [
          -123.12657723655185,
          49.92014664204611
        ],
        [
          -123.12621503674632,
          49.92039549002861
        ],
        [
          -123.12593221624442,
          49.92068407026582
        ],
        [
          -123.12573898990848,
          49.92100197865849
        ],
        [
          -123.12564231054833,
          49.921337735518684
        ],
        [
          -123.12564567229643,
          49.921679248277705
        ],
        [
          -123.12574894737736,
          49.922014185121455
        ],
        [
          -123.12594843753573,
          49.92233048028554
        ],
        [
          -123.12623691949393,
          49.922616713254406
        ],
        [
          -123.12660401987608,
          49.9228625686283
        ],
        [
          -123.12703647295717,
          49.92305916695502
        ],
        [
          -123.47560949040754,
          50.050512109826656
        ]
      ]
    ]
  },
  "properties": {
    "geometryType": "Polygon",
    "numPolygons": 1,
    "numParts": 1,
    "minX": -123.60107920124996,
    "minY": 49.74772005768369,
    "maxX": -123.12564231054833,
    "maxY": 50.050742096472334,
    "centroidX": -123.40769749830794,
    "centroidY": 49.91402324214537,
    "numVertices": 39,
    "length": 102795.20648497208,
    "area": 642332984,
    "isValid": true,
    "isSimple": true,
    "isRobust": true,
    "minimumClearance": 37.154
  }
}
