{"type": "Feature","crs": {"type": "name","properties": {"name": "urn:ogc:def:crs:EPSG::4326"}},"geometry": {"type": "Point","coordinates": [-123.40793678392268,49.914070995317516]},"properties": {"id": "gm-B229CCB4CE744DAFAAF76D5959BC819D","url": "http://apps.gov.bc.ca/pub/geomark/geomarks/gm-B229CCB4CE744DAFAAF76D5959BC819D"}}